// Jest Snapshot v1, https://goo.gl/fbAQLP

exports[`should render PageNotFound correctly 1`] = `
<div>
  404: Not found
</div>
`;
